warning: unused import: `Token`
  --> src/main.rs:15:20
   |
15 | use lexer::{Lexer, Token};
   |                    ^^^^^
   |
   = note: `#[warn(unused_imports)]` (part of `#[warn(unused)]`) on by default

warning: unused variable: `statements`
   --> src/codegen.rs:228:37
    |
228 |             Statement::ProofBlock { statements } => {
    |                                     ^^^^^^^^^^ help: try ignoring the field: `statements: _`
    |
    = note: `#[warn(unused_variables)]` (part of `#[warn(unused)]`) on by default

warning: unused variable: `right`
  --> src/analyzer.rs:38:60
   |
38 |                 if let Expression::Infix { left, operator, right } = expr {
   |                                                            ^^^^^ help: try ignoring the field: `right: _`

warning: unused variable: `parameters`
   --> src/main.rs:426:63
    |
426 |         if let Statement::FunctionDeclaration { is_pub, name, parameters, return_type, .. } = stmt {
    |                                                               ^^^^^^^^^^ help: try ignoring the field: `parameters: _`

warning: variant `NotEqual` is never constructed
  --> src/lexer.rs:60:5
   |
 2 | pub enum Token {
   |          ----- variant in this enum
...
60 |     NotEqual,     // !=
   |     ^^^^^^^^
   |
   = note: `Token` has derived impls for the traits `Clone` and `Debug`, but these are intentionally ignored during dead code analysis
   = note: `#[warn(dead_code)]` (part of `#[warn(unused)]`) on by default

warning: variant `Unknown` is never constructed
  --> src/ast.rs:12:5
   |
 7 | pub enum Type {
   |          ---- variant in this enum
...
12 |     Unknown(String),
   |     ^^^^^^^
   |
   = note: `Type` has derived impls for the traits `Clone` and `Debug`, but these are intentionally ignored during dead code analysis

warning: struct `Artifact` is never constructed
 --> src/backend.rs:4:12
  |
4 | pub struct Artifact {
  |            ^^^^^^^^

warning: enum `CompileError` is never used
 --> src/backend.rs:8:10
  |
8 | pub enum CompileError {
  |          ^^^^^^^^^^^^

warning: trait `Backend` is never used
  --> src/backend.rs:16:11
   |
16 | pub trait Backend {
   |           ^^^^^^^

warning: struct `CTranspilerBackend` is never constructed
  --> src/backend.rs:23:12
   |
23 | pub struct CTranspilerBackend;
   |            ^^^^^^^^^^^^^^^^^^

warning: `zeus_compiler` (bin "zeus_compiler") generated 10 warnings (run `cargo fix --bin "zeus_compiler" -p zeus_compiler` to apply 4 suggestions)
    Finished `dev` profile [unoptimized + debuginfo] target(s) in 0.44s
     Running `zeus_compiler/target/debug/zeus_compiler build domain_capture_test.zs`
 [1;36m[ZEUS BUILD][0m Compiling [32mdomain_capture_test.zs[0m
[1;36m[✦] Zeus Toolchain v0.1.0[0m ───────────────────────────────────────────────
